1>#  implementar crearBalanceado.
2>
3>
(50,0.00)
4>
-(50,0.00)
(40,0.00)
5>
-(50,0.00)
(40,0.00)
-(30,0.00)
6>
--(60,0.00)
-(50,0.00)
--(40,0.00)
(30,0.00)
--(20,0.00)
-(10,0.00)
7>
--(70,0.00)
-(60,0.00)
--(50,0.00)
(40,0.00)
--(30,0.00)
-(20,0.00)
--(10,0.00)
8>
---(1000,0.00)
--(70,0.00)
-(60,0.00)
--(50,0.00)
(40,0.00)
--(30,0.00)
-(20,0.00)
--(10,0.00)
9>
---(78,0.00)
--(77,0.00)
---(76,0.00)
-(75,0.00)
---(74,0.00)
--(73,0.00)
---(72,0.00)
(71,0.00)
---(70,0.00)
--(60,0.00)
---(50,0.00)
-(40,0.00)
---(30,0.00)
--(20,0.00)
---(10,0.00)
10>
----(1000,0.00)
---(78,0.00)
--(77,0.00)
---(76,0.00)
-(75,0.00)
---(74,0.00)
--(73,0.00)
---(72,0.00)
(71,0.00)
---(70,0.00)
--(60,0.00)
---(50,0.00)
-(40,0.00)
---(30,0.00)
--(20,0.00)
---(10,0.00)
11>Fin.
