1>#  implementar pila.
2>Cantidad en pila: 0.
3>Apilando (3,3.00)
4>Cantidad en pila: 1.
5>(3,3.00)
6>Desapilando.
7>Cantidad en pila: 0.
8>Apilando (5,5.00)
9>Apilando (6,5.00)
10>Apilando (3,5.00)
11>Apilando (8,5.00)
12>Apilando (2,5.00)
13>Apilando (1,5.00)
14>Apilando (10,5.00)
15>Apilando (5,3.00)
16>(5,3.00)
17>Cantidad en pila: 8.
18>Desapilando.
19>(10,5.00)
20>Cantidad en pila: 7.
21>Apilando (21,5.00)
22>Apilando (18,5.00)
23>Apilando (13,5.00)
24>Apilando (30,5.00)
25>Apilando (1,5.00)
26>Apilando (1,5.00)
27>(1,5.00)
28>Cantidad en pila: 13.
29>Fin.
