1>#  implementar ordenadaPorModulo.
2>
3>Se insertó (50,50.00) al inicio de la cadena.
4>(50,50.00)
5>Se insertó (50,60.00) al inicio de la cadena.
6>(50,60.00)(50,50.00)
7>Se insertó (11,11.00) al inicio de la cadena.
8>(50,60.00)(50,50.00)(11,11.00)
9>Se insertó (40,40.00) al final de la cadena.
10>(50,60.00)(50,50.00)(40,40.00)(11,11.00)
11>(40,40.00)(11,11.00)(50,60.00)(50,50.00)
12>(40,40.00)(50,60.00)(50,50.00)(11,11.00)
13>(50,60.00)(50,50.00)(40,40.00)(11,11.00)
14>(11,11.00)(40,40.00)(50,60.00)(50,50.00)
15>Se insertó (54,0.00) al final de la cadena.
16>Se insertó (49,0.00) al final de la cadena.
17>Se insertó (121,0.00) al final de la cadena.
18>Se insertó (18,0.00) al final de la cadena.
19>(54,0.00)(18,0.00)(11,11.00)(40,40.00)(49,0.00)(121,0.00)(50,60.00)(50,50.00)
20>(49,0.00)(50,60.00)(50,50.00)(121,0.00)(11,11.00)(18,0.00)(40,40.00)(54,0.00)
21>(11,11.00)(121,0.00)(49,0.00)(50,60.00)(50,50.00)(40,40.00)(18,0.00)(54,0.00)
22>(54,0.00)(18,0.00)(49,0.00)(121,0.00)(50,60.00)(50,50.00)(40,40.00)(11,11.00)
23>Fin.
