1>#  Prueba de rotar.
2>
3>Se insertó (50,0.00) en el abb.
4>
5>
6>
7>Se insertó (30,0.00) en el abb.
8>Se insertó (40,0.00) en el abb.
9>Se insertó (45,0.00) en el abb.
10>
11>
-(50,0.00)
---(45,0.00)
--(40,0.00)
(30,0.00)
12>
13>
(50,0.00)
---(45,0.00)
--(40,0.00)
-(30,0.00)
14>
15>
-(50,0.00)
--(45,0.00)
(40,0.00)
-(30,0.00)
16>
17>
-(50,0.00)
(45,0.00)
-(40,0.00)
--(30,0.00)
18>
19>
-(50,0.00)
(45,0.00)
-(40,0.00)
--(30,0.00)
20>
21>
-(50,0.00)
(45,0.00)
-(40,0.00)
--(30,0.00)
22>Se insertó (35,0.00) en el abb.
23>
24>
-(50,0.00)
(45,0.00)
--(40,0.00)
-(35,0.00)
--(30,0.00)
25>Se insertó (70,0.00) en el abb.
26>Se insertó (60,0.00) en el abb.
27>Se insertó (65,0.00) en el abb.
28>Se insertó (90,0.00) en el abb.
29>Se insertó (80,0.00) en el abb.
30>Se insertó (55,0.00) en el abb.
31>
---(90,0.00)
----(80,0.00)
--(70,0.00)
----(65,0.00)
---(60,0.00)
----(55,0.00)
-(50,0.00)
(45,0.00)
--(40,0.00)
-(35,0.00)
--(30,0.00)
32>
33>
---(90,0.00)
--(80,0.00)
---(70,0.00)
-----(65,0.00)
----(60,0.00)
-----(55,0.00)
-(50,0.00)
(45,0.00)
--(40,0.00)
-(35,0.00)
--(30,0.00)
34>
35>
----(90,0.00)
---(80,0.00)
--(70,0.00)
----(65,0.00)
---(60,0.00)
----(55,0.00)
-(50,0.00)
(45,0.00)
--(40,0.00)
-(35,0.00)
--(30,0.00)
36>
37>
---(90,0.00)
--(80,0.00)
---(70,0.00)
-----(65,0.00)
----(60,0.00)
-----(55,0.00)
-(50,0.00)
(45,0.00)
--(40,0.00)
-(35,0.00)
--(30,0.00)
38>
39>
---(90,0.00)
--(80,0.00)
-(70,0.00)
----(65,0.00)
---(60,0.00)
----(55,0.00)
--(50,0.00)
(45,0.00)
--(40,0.00)
-(35,0.00)
--(30,0.00)
40>
41>
----(90,0.00)
---(80,0.00)
--(70,0.00)
---(65,0.00)
-(60,0.00)
---(55,0.00)
--(50,0.00)
(45,0.00)
--(40,0.00)
-(35,0.00)
--(30,0.00)
42>Fin.
